≡ƒº¬ Testing Inngest Function via Client...

≡ƒôñ Sending clerk/user.created event via Inngest client...
Event data: {
  "id": "test-user-1775720296008",
  "first_name": "Test",
  "last_name": "User",
  "email_addresses": [
    {
      "email_address": "test-1775720296008@example.com"
    }
  ],
  "image_url": "https://via.placeholder.com/150"
}
Email System: Γ£à Ready to send booking confirmations.
Γ£à Inngest event sent successfully
Result: { ids: [ '01KNRJTVJ97X0WZTA4YM77BZ32' ] }

ΓÅ│ Waiting 3 seconds for Inngest processing...
≡ƒöì Checking if user was created in database...
≡ƒôè Found 2 users in database:
1. Test User (user-1775708924273@test.com) - ID: user-1775708924273
2. Test User (user-1775709108650@test.com) - ID: user-1775709108650

Γ¥î FAILURE: Test user was NOT created.
≡ƒöº Issue: Inngest function is not working properly.
